src/pages/BrewLab.tsx(195,43): error TS6133: 'x' is declared but its value is never read.
src/pages/BrewLab.tsx(196,43): error TS6133: 'y' is declared but its value is never read.
